main.c:204:6:SystemClock_Config	88	static
main.c:272:6:Gestion_Commandes	0	static
main.c:836:6:ACS	16	static
main.c:930:6:Calcul_Vit	16	static
main.c:943:6:regulateur	16	static
main.c:825:6:controle	8	static
main.c:138:5:main	8	static
main.c:1034:6:HAL_UART_RxCpltCallback	0	static
main.c:1075:6:HAL_ADC_ConvCpltCallback	0	static
main.c:1084:6:HAL_TIM_PeriodElapsedCallback	8	static
main.c:1121:6:HAL_GPIO_EXTI_Callback	0	static
main.c:1142:6:HAL_ADC_LevelOutOfWindowCallback	0	static
main.c:1155:6:_Error_Handler	0	static
