Archive member included to satisfy reference by file (symbol)

c:/program files (x86)/atollic/truestudio for stm32 9.0.0/armtools/bin/../lib/gcc/arm-atollic-eabi/6.3.1/../../../../arm-atollic-eabi/lib/armv7-m\libc_nano.a(lib_a-init.o)
                              Application\TrueSTUDIO\startup_stm32f103xb.o (__libc_init_array)
c:/program files (x86)/atollic/truestudio for stm32 9.0.0/armtools/bin/../lib/gcc/arm-atollic-eabi/6.3.1/../../../../arm-atollic-eabi/lib/armv7-m\libc_nano.a(lib_a-memset.o)
                              Drivers\STM32F1xx_HAL_Driver\stm32f1xx_hal_rcc.o (memset)
c:/program files (x86)/atollic/truestudio for stm32 9.0.0/armtools/bin/../lib/gcc/arm-atollic-eabi/6.3.1/armv7-m\libgcc.a(_lshrdi3.o)
                              Drivers\STM32F1xx_HAL_Driver\stm32f1xx_hal_flash.o (__aeabi_llsr)

Allocating common symbols
Common symbol       size              file

CMDE                0x1               Application\User\main.o
DirD                0x2               Application\User\main.o
Dist_Obst           0x4               Application\User\main.o
_DirD               0x2               Application\User\main.o
CVitG               0x2               Application\User\main.o
htim4               0x40              Application\User\tim.o
huart3              0x40              Application\User\usart.o
VitG                0x2               Application\User\main.o
Dist_ACS_3          0x2               Application\User\main.o
DistG               0x2               Application\User\main.o
uwTick              0x4               Drivers\STM32F1xx_HAL_Driver\stm32f1xx_hal.o
pFlash              0x20              Drivers\STM32F1xx_HAL_Driver\stm32f1xx_hal_flash.o
Dist_ACS_2          0x2               Application\User\main.o
htim3               0x40              Application\User\tim.o
Mode                0x1               Application\User\main.o
hadc1               0x30              Application\User\adc.o
Dist_Obst_          0x4               Application\User\main.o
DistD               0x2               Application\User\main.o
Dist_Obst_cm        0x4               Application\User\main.o
_DirG               0x2               Application\User\main.o
Buff_Dist           0x10              Application\User\main.o
hdma_adc1           0x44              Application\User\adc.o
adc_buffer          0x10              Application\User\main.o
VitD                0x2               Application\User\main.o
htim2               0x40              Application\User\tim.o
DirG                0x2               Application\User\main.o
BLUE_RX             0x1               Application\User\main.o
CVitD               0x2               Application\User\main.o
Dist_ACS_4          0x2               Application\User\main.o
Dist                0x4               Application\User\main.o
Dist_ACS_1          0x2               Application\User\main.o

Discarded input sections

 .text          0x00000000        0x0 c:/program files (x86)/atollic/truestudio for stm32 9.0.0/armtools/bin/../lib/gcc/arm-atollic-eabi/6.3.1/armv7-m/crti.o
 .data          0x00000000        0x0 c:/program files (x86)/atollic/truestudio for stm32 9.0.0/armtools/bin/../lib/gcc/arm-atollic-eabi/6.3.1/armv7-m/crti.o
 .bss           0x00000000        0x0 c:/program files (x86)/atollic/truestudio for stm32 9.0.0/armtools/bin/../lib/gcc/arm-atollic-eabi/6.3.1/armv7-m/crti.o
 .data          0x00000000        0x4 c:/program files (x86)/atollic/truestudio for stm32 9.0.0/armtools/bin/../lib/gcc/arm-atollic-eabi/6.3.1/armv7-m/crtbegin.o
 .text          0x00000000       0x14 Application\TrueSTUDIO\startup_stm32f103xb.o
 .data          0x00000000        0x0 Application\TrueSTUDIO\startup_stm32f103xb.o
 .bss           0x00000000        0x0 Application\TrueSTUDIO\startup_stm32f103xb.o
 .text          0x00000000        0x0 Application\User\adc.o
 .data          0x00000000        0x0 Application\User\adc.o
 .bss           0x00000000        0x0 Application\User\adc.o
 .text.HAL_ADC_MspDeInit
                0x00000000       0x48 Application\User\adc.o
 .text          0x00000000        0x0 Application\User\dma.o
 .data          0x00000000        0x0 Application\User\dma.o
 .bss           0x00000000        0x0 Application\User\dma.o
 .text          0x00000000        0x0 Application\User\gpio.o
 .data          0x00000000        0x0 Application\User\gpio.o
 .bss           0x00000000        0x0 Application\User\gpio.o
 .text          0x00000000        0x0 Application\User\main.o
 .data          0x00000000        0x0 Application\User\main.o
 .bss           0x00000000        0x0 Application\User\main.o
 .bss.OV        0x00000000        0x4 Application\User\main.o
 .data.UNE_FOIS
                0x00000000        0x1 Application\User\main.o
 .text          0x00000000        0x0 Application\User\stm32f1xx_hal_msp.o
 .data          0x00000000        0x0 Application\User\stm32f1xx_hal_msp.o
[...]
Memory Configuration

Name             Origin             Length             Attributes
RAM              0x20000000         0x00005000         xrw
FLASH            0x08000000         0x00020000         xr
*default*        0x00000000         0xffffffff

Linker script and memory map

LOAD c:/program files (x86)/atollic/truestudio for stm32 9.0.0/armtools/bin/../lib/gcc/arm-atollic-eabi/6.3.1/armv7-m/crti.o
LOAD c:/program files (x86)/atollic/truestudio for stm32 9.0.0/armtools/bin/../lib/gcc/arm-atollic-eabi/6.3.1/armv7-m/crtbegin.o
LOAD Application\TrueSTUDIO\startup_stm32f103xb.o
LOAD Application\User\adc.o
LOAD Application\User\dma.o
LOAD Application\User\gpio.o
LOAD Application\User\main.o
LOAD Application\User\stm32f1xx_hal_msp.o
LOAD Application\User\stm32f1xx_it.o
LOAD Application\User\tim.o
LOAD Application\User\usart.o
LOAD Drivers\CMSIS\system_stm32f1xx.o
LOAD Drivers\STM32F1xx_HAL_Driver\stm32f1xx_hal.o
LOAD Drivers\STM32F1xx_HAL_Driver\stm32f1xx_hal_adc.o
LOAD Drivers\STM32F1xx_HAL_Driver\stm32f1xx_hal_adc_ex.o
LOAD Drivers\STM32F1xx_HAL_Driver\stm32f1xx_hal_cortex.o
LOAD Drivers\STM32F1xx_HAL_Driver\stm32f1xx_hal_dma.o
LOAD Drivers\STM32F1xx_HAL_Driver\stm32f1xx_hal_flash.o
LOAD Drivers\STM32F1xx_HAL_Driver\stm32f1xx_hal_flash_ex.o
LOAD Drivers\STM32F1xx_HAL_Driver\stm32f1xx_hal_gpio.o
LOAD Drivers\STM32F1xx_HAL_Driver\stm32f1xx_hal_gpio_ex.o
LOAD Drivers\STM32F1xx_HAL_Driver\stm32f1xx_hal_pwr.o
LOAD Drivers\STM32F1xx_HAL_Driver\stm32f1xx_hal_rcc.o
LOAD Drivers\STM32F1xx_HAL_Driver\stm32f1xx_hal_rcc_ex.o
LOAD Drivers\STM32F1xx_HAL_Driver\stm32f1xx_hal_tim.o
LOAD Drivers\STM32F1xx_HAL_Driver\stm32f1xx_hal_tim_ex.o
LOAD Drivers\STM32F1xx_HAL_Driver\stm32f1xx_hal_uart.o
                0x00000080                malloc_getpagesize_P = 0x80
START GROUP
LOAD c:/program files (x86)/atollic/truestudio for stm32 9.0.0/armtools/bin/../lib/gcc/arm-atollic-eabi/6.3.1/../../../../arm-atollic-eabi/lib/armv7-m\libc_nano.a
LOAD c:/program files (x86)/atollic/truestudio for stm32 9.0.0/armtools/bin/../lib/gcc/arm-atollic-eabi/6.3.1/../../../../arm-atollic-eabi/lib/armv7-m\libm.a
END GROUP
START GROUP
LOAD c:/program files (x86)/atollic/truestudio for stm32 9.0.0/armtools/bin/../lib/gcc/arm-atollic-eabi/6.3.1/armv7-m\libgcc.a
LOAD c:/program files (x86)/atollic/truestudio for stm32 9.0.0/armtools/bin/../lib/gcc/arm-atollic-eabi/6.3.1/../../../../arm-atollic-eabi/lib/armv7-m\libc_nano.a
END GROUP
START GROUP
LOAD c:/program files (x86)/atollic/truestudio for stm32 9.0.0/armtools/bin/../lib/gcc/arm-atollic-eabi/6.3.1/armv7-m\libgcc.a
LOAD c:/program files (x86)/atollic/truestudio for stm32 9.0.0/armtools/bin/../lib/gcc/arm-atollic-eabi/6.3.1/../../../../arm-atollic-eabi/lib/armv7-m\libc_nano.a
LOAD c:/program files (x86)/atollic/truestudio for stm32 9.0.0/armtools/bin/../lib/gcc/arm-atollic-eabi/6.3.1/../../../../arm-atollic-eabi/lib/armv7-m\libnosys.a
END GROUP
START GROUP
LOAD c:/program files (x86)/atollic/truestudio for stm32 9.0.0/armtools/bin/../lib/gcc/arm-atollic-eabi/6.3.1/armv7-m\libgcc.a
LOAD c:/program files (x86)/atollic/truestudio for stm32 9.0.0/armtools/bin/../lib/gcc/arm-atollic-eabi/6.3.1/../../../../arm-atollic-eabi/lib/armv7-m\libc_nano.a
LOAD c:/program files (x86)/atollic/truestudio for stm32 9.0.0/armtools/bin/../lib/gcc/arm-atollic-eabi/6.3.1/../../../../arm-atollic-eabi/lib/armv7-m\libnosys.a
END GROUP
LOAD c:/program files (x86)/atollic/truestudio for stm32 9.0.0/armtools/bin/../lib/gcc/arm-atollic-eabi/6.3.1/armv7-m/crtend.o
LOAD c:/program files (x86)/atollic/truestudio for stm32 9.0.0/armtools/bin/../lib/gcc/arm-atollic-eabi/6.3.1/armv7-m/crtn.o
                0x20005000                _estack = 0x20005000
                0x00000200                _Min_Heap_Size = 0x200
                0x00000400                _Min_Stack_Size = 0x400

.isr_vector     0x08000000      0x10c
                0x08000000                . = ALIGN (0x4)
 *(.isr_vector)
 .isr_vector    0x08000000      0x10c Application\TrueSTUDIO\startup_stm32f103xb.o
                0x08000000                g_pfnVectors
                0x0800010c                . = ALIGN (0x4)

.text           0x0800010c     0x3064
                0x0800010c                . = ALIGN (0x4)
 *(.text)
 .text          0x0800010c       0x40 c:/program files (x86)/atollic/truestudio for stm32 9.0.0/armtools/bin/../lib/gcc/arm-atollic-eabi/6.3.1/armv7-m/crtbegin.o
 *(.text*)
 .text.Reset_Handler
                0x0800014c       0x48 Application\TrueSTUDIO\startup_stm32f103xb.o
                0x0800014c                Reset_Handler
 .text.Default_Handler
                0x08000194        0x2 Application\TrueSTUDIO\startup_stm32f103xb.o
                0x08000194                RTC_Alarm_IRQHandler
                0x08000194                EXTI2_IRQHandler
                0x08000194                DebugMon_Handler
                0x08000194                TIM1_CC_IRQHandler
                0x08000194                HardFault_Handler
                0x08000194                PVD_IRQHandler
                0x08000194                PendSV_Handler
                0x08000194                NMI_Handler
                0x08000194                EXTI3_IRQHandler
                0x08000194                EXTI0_IRQHandler
                0x08000194                I2C2_EV_IRQHandler
                0x08000194                UsageFault_Handler
                0x08000194                SPI1_IRQHandler
                0x08000194                TAMPER_IRQHandler
                0x08000194                DMA1_Channel4_IRQHandler
                0x08000194                RTC_IRQHandler
                0x08000194                DMA1_Channel7_IRQHandler
                0x08000194                CAN1_RX1_IRQHandler
                0x08000194                TIM4_IRQHandler
                0x08000194                I2C1_EV_IRQHandler
                0x08000194                DMA1_Channel6_IRQHandler
                0x08000194                TIM3_IRQHandler
                0x08000194                RCC_IRQHandler
                0x08000194                TIM1_TRG_COM_IRQHandler
                0x08000194                Default_Handler
                0x08000194                EXTI9_5_IRQHandler
                0x08000194                SPI2_IRQHandler
                0x08000194                MemManage_Handler
                0x08000194                SVC_Handler
                0x08000194                DMA1_Channel5_IRQHandler
                0x08000194                EXTI4_IRQHandler
                0x08000194                USB_LP_CAN1_RX0_IRQHandler
                0x08000194                USB_HP_CAN1_TX_IRQHandler
                0x08000194                DMA1_Channel3_IRQHandler
                0x08000194                TIM1_UP_IRQHandler
                0x08000194                WWDG_IRQHandler
                0x08000194                TIM1_BRK_IRQHandler
                0x08000194                EXTI1_IRQHandler
                0x08000194                USART2_IRQHandler
                0x08000194                I2C2_ER_IRQHandler
                0x08000194                DMA1_Channel2_IRQHandler
                0x08000194                CAN1_SCE_IRQHandler
                0x08000194                FLASH_IRQHandler
                0x08000194                BusFault_Handler
                0x08000194                USART1_IRQHandler
                0x08000194                I2C1_ER_IRQHandler
                0x08000194                USBWakeUp_IRQHandler
 *fill*         0x08000196        0x2 
 .text.MX_ADC1_Init
                0x08000198       0xf4 Application\User\adc.o
                0x08000198                MX_ADC1_Init
 .text.HAL_ADC_MspInit
                0x0800028c       0xa4 Application\User\adc.o
                0x0800028c                HAL_ADC_MspInit
 .text.MX_DMA_Init
                0x08000330       0x30 Application\User\dma.o
                0x08000330                MX_DMA_Init
 .text.MX_GPIO_Init
                0x08000360      0x144 Application\User\gpio.o
                0x08000360                MX_GPIO_Init
 .text.SystemClock_Config
                0x080004a4       0x7c Application\User\main.o
                0x080004a4                SystemClock_Config
 .text.Gestion_Commandes
                0x08000520      0x300 Application\User\main.o
                0x08000520                Gestion_Commandes
 .text.ACS      0x08000820      0x258 Application\User\main.o
                0x08000820                ACS
 .text.Calcul_Vit
                0x08000a78       0x84 Application\User\main.o
                0x08000a78                Calcul_Vit
 .text.regulateur
                0x08000afc      0x1ac Application\User\main.o
                0x08000afc                regulateur
 .text.controle
                0x08000ca8       0x24 Application\User\main.o
                0x08000ca8                controle
 .text.startup.main
                0x08000ccc       0xb4 Application\User\main.o
                0x08000ccc                main
 .text.HAL_UART_RxCpltCallback
                0x08000d80       0x5c Application\User\main.o
                0x08000d80                HAL_UART_RxCpltCallback
 .text.HAL_ADC_ConvCpltCallback
                0x08000ddc       0x4c Application\User\main.o
                0x08000ddc                HAL_ADC_ConvCpltCallback
 .text.HAL_TIM_PeriodElapsedCallback
                0x08000e28       0xc0 Application\User\main.o
                0x08000e28                HAL_TIM_PeriodElapsedCallback
 .text.HAL_GPIO_EXTI_Callback
                0x08000ee8       0x28 Application\User\main.o
                0x08000ee8                HAL_GPIO_EXTI_Callback
 .text.HAL_ADC_LevelOutOfWindowCallback
                0x08000f10       0x10 Application\User\main.o
                0x08000f10                HAL_ADC_LevelOutOfWindowCallback
 .text._Error_Handler
                0x08000f20        0x2 Application\User\main.o
                0x08000f20                _Error_Handler
 *fill*         0x08000f22        0x2 
 .text.HAL_MspInit
                0x08000f24       0x90 Application\User\stm32f1xx_hal_msp.o
                0x08000f24                HAL_MspInit
 .text.SysTick_Handler
                0x08000fb4        0xe Application\User\stm32f1xx_it.o
                0x08000fb4                SysTick_Handler
 *fill*         0x08000fc2        0x2 
 .text.DMA1_Channel1_IRQHandler
                0x08000fc4        0xc Application\User\stm32f1xx_it.o
                0x08000fc4                DMA1_Channel1_IRQHandler
 .text.ADC1_2_IRQHandler
                0x08000fd0        0xc Application\User\stm32f1xx_it.o
                0x08000fd0                ADC1_2_IRQHandler
 .text.TIM2_IRQHandler
                0x08000fdc        0xc Application\User\stm32f1xx_it.o
                0x08000fdc                TIM2_IRQHandler
 .text.USART3_IRQHandler
                0x08000fe8        0xc Application\User\stm32f1xx_it.o
                0x08000fe8                USART3_IRQHandler
 .text.EXTI15_10_IRQHandler
                0x08000ff4        0x8 Application\User\stm32f1xx_it.o
                0x08000ff4                EXTI15_10_IRQHandler
 .text.MX_TIM3_Init
                0x08000ffc       0x6c Application\User\tim.o
                0x08000ffc                MX_TIM3_Init
 .text.MX_TIM4_Init
                0x08001068       0x6c Application\User\tim.o
                0x08001068                MX_TIM4_Init
 .text.HAL_TIM_Base_MspInit
                0x080010d4       0x36 Application\User\tim.o
                0x080010d4                HAL_TIM_Base_MspInit
 *fill*         0x0800110a        0x2 
 .text.HAL_TIM_Encoder_MspInit
                0x0800110c       0x8c Application\User\tim.o
                0x0800110c                HAL_TIM_Encoder_MspInit
 .text.HAL_TIM_MspPostInit
                0x08001198       0x54 Application\User\tim.o
                0x08001198                HAL_TIM_MspPostInit
 .text.MX_TIM2_Init
                0x080011ec       0xb4 Application\User\tim.o
                0x080011ec                MX_TIM2_Init
 .text.MX_USART3_UART_Init
                0x080012a0       0x40 Application\User\usart.o
                0x080012a0                MX_USART3_UART_Init
 .text.HAL_UART_MspInit
                0x080012e0       0x70 Application\User\usart.o
                0x080012e0                HAL_UART_MspInit
 .text.SystemInit
                0x08001350       0x4c Drivers\CMSIS\system_stm32f1xx.o
                0x08001350                SystemInit
 .text.HAL_InitTick
                0x0800139c       0x28 Drivers\STM32F1xx_HAL_Driver\stm32f1xx_hal.o
                0x0800139c                HAL_InitTick
 .text.HAL_Init
                0x080013c4       0x24 Drivers\STM32F1xx_HAL_Driver\stm32f1xx_hal.o
                0x080013c4                HAL_Init
 .text.HAL_IncTick
                0x080013e8       0x10 Drivers\STM32F1xx_HAL_Driver\stm32f1xx_hal.o
                0x080013e8                HAL_IncTick
 .text.HAL_GetTick
                0x080013f8        0xc Drivers\STM32F1xx_HAL_Driver\stm32f1xx_hal.o
                0x080013f8                HAL_GetTick
 .text.HAL_SuspendTick
                0x08001404       0x10 Drivers\STM32F1xx_HAL_Driver\stm32f1xx_hal.o
                0x08001404                HAL_SuspendTick
 .text.ADC_DMAConvCplt
                0x08001414       0x4e Drivers\STM32F1xx_HAL_Driver\stm32f1xx_hal_adc.o
                0x08001414                ADC_DMAConvCplt
 .text.HAL_ADC_ConvHalfCpltCallback
                0x08001462        0x2 Drivers\STM32F1xx_HAL_Driver\stm32f1xx_hal_adc.o
                0x08001462                HAL_ADC_ConvHalfCpltCallback
 .text.ADC_DMAHalfConvCplt
                0x08001464        0xa Drivers\STM32F1xx_HAL_Driver\stm32f1xx_hal_adc.o
                0x08001464                ADC_DMAHalfConvCplt
 .text.HAL_ADC_IRQHandler
                0x0800146e       0xec Drivers\STM32F1xx_HAL_Driver\stm32f1xx_hal_adc.o
                0x0800146e                HAL_ADC_IRQHandler
 .text.HAL_ADC_ErrorCallback
                0x0800155a        0x2 Drivers\STM32F1xx_HAL_Driver\stm32f1xx_hal_adc.o
                0x0800155a                HAL_ADC_ErrorCallback
 .text.ADC_DMAError
                0x0800155c       0x1a Drivers\STM32F1xx_HAL_Driver\stm32f1xx_hal_adc.o
                0x0800155c                ADC_DMAError
 *fill*         0x08001576        0x2 
 .text.HAL_ADC_ConfigChannel
                0x08001578      0x108 Drivers\STM32F1xx_HAL_Driver\stm32f1xx_hal_adc.o
                0x08001578                HAL_ADC_ConfigChannel
 .text.HAL_ADC_AnalogWDGConfig
                0x08001680       0x50 Drivers\STM32F1xx_HAL_Driver\stm32f1xx_hal_adc.o
                0x08001680                HAL_ADC_AnalogWDGConfig
 .text.ADC_Enable
                0x080016d0       0x70 Drivers\STM32F1xx_HAL_Driver\stm32f1xx_hal_adc.o
                0x080016d0                ADC_Enable
 .text.HAL_ADC_Start_DMA
                0x08001740      0x11c Drivers\STM32F1xx_HAL_Driver\stm32f1xx_hal_adc.o
                0x08001740                HAL_ADC_Start_DMA
 .text.ADC_ConversionStop_Disable
                0x0800185c       0x44 Drivers\STM32F1xx_HAL_Driver\stm32f1xx_hal_adc.o
                0x0800185c                ADC_ConversionStop_Disable
 .text.HAL_ADC_Init
                0x080018a0      0x100 Drivers\STM32F1xx_HAL_Driver\stm32f1xx_hal_adc.o
                0x080018a0                HAL_ADC_Init
 .text.HAL_ADC_Stop_DMA
                0x080019a0       0x4c Drivers\STM32F1xx_HAL_Driver\stm32f1xx_hal_adc.o
                0x080019a0                HAL_ADC_Stop_DMA
 .text.HAL_ADCEx_InjectedConvCpltCallback
                0x080019ec        0x2 Drivers\STM32F1xx_HAL_Driver\stm32f1xx_hal_adc_ex.o
                0x080019ec                HAL_ADCEx_InjectedConvCpltCallback
 *fill*         0x080019ee        0x2 
 .text.HAL_NVIC_SetPriorityGrouping
                0x080019f0       0x24 Drivers\STM32F1xx_HAL_Driver\stm32f1xx_hal_cortex.o
                0x080019f0                HAL_NVIC_SetPriorityGrouping
 .text.HAL_NVIC_SetPriority
                0x08001a14       0x68 Drivers\STM32F1xx_HAL_Driver\stm32f1xx_hal_cortex.o
                0x08001a14                HAL_NVIC_SetPriority
 .text.HAL_NVIC_EnableIRQ
                0x08001a7c       0x18 Drivers\STM32F1xx_HAL_Driver\stm32f1xx_hal_cortex.o
                0x08001a7c                HAL_NVIC_EnableIRQ
 .text.HAL_SYSTICK_Config
                0x08001a94       0x2c Drivers\STM32F1xx_HAL_Driver\stm32f1xx_hal_cortex.o
                0x08001a94                HAL_SYSTICK_Config
 .text.HAL_SYSTICK_CLKSourceConfig
                0x08001ac0       0x18 Drivers\STM32F1xx_HAL_Driver\stm32f1xx_hal_cortex.o
                0x08001ac0                HAL_SYSTICK_CLKSourceConfig
 .text.HAL_SYSTICK_Callback
                0x08001ad8        0x2 Drivers\STM32F1xx_HAL_Driver\stm32f1xx_hal_cortex.o
                0x08001ad8                HAL_SYSTICK_Callback
 .text.HAL_SYSTICK_IRQHandler
                0x08001ada        0x8 Drivers\STM32F1xx_HAL_Driver\stm32f1xx_hal_cortex.o
                0x08001ada                HAL_SYSTICK_IRQHandler
 *fill*         0x08001ae2        0x2 
 .text.HAL_DMA_Init
                0x08001ae4       0x68 Drivers\STM32F1xx_HAL_Driver\stm32f1xx_hal_dma.o
                0x08001ae4                HAL_DMA_Init
 .text.HAL_DMA_Start_IT
                0x08001b4c       0x7a Drivers\STM32F1xx_HAL_Driver\stm32f1xx_hal_dma.o
                0x08001b4c                HAL_DMA_Start_IT
 .text.HAL_DMA_Abort
                0x08001bc6       0x2c Drivers\STM32F1xx_HAL_Driver\stm32f1xx_hal_dma.o
                0x08001bc6                HAL_DMA_Abort
 *fill*         0x08001bf2        0x2 
 .text.HAL_DMA_Abort_IT
                0x08001bf4       0x90 Drivers\STM32F1xx_HAL_Driver\stm32f1xx_hal_dma.o
                0x08001bf4                HAL_DMA_Abort_IT
 .text.HAL_DMA_IRQHandler
                0x08001c84      0x128 Drivers\STM32F1xx_HAL_Driver\stm32f1xx_hal_dma.o
                0x08001c84                HAL_DMA_IRQHandler
 .text.HAL_GPIO_Init
                0x08001dac      0x1c0 Drivers\STM32F1xx_HAL_Driver\stm32f1xx_hal_gpio.o
                0x08001dac                HAL_GPIO_Init
 .text.HAL_GPIO_WritePin
                0x08001f6c        0xa Drivers\STM32F1xx_HAL_Driver\stm32f1xx_hal_gpio.o
                0x08001f6c                HAL_GPIO_WritePin
 *fill*         0x08001f76        0x2 
 .text.HAL_GPIO_EXTI_IRQHandler
                0x08001f78       0x18 Drivers\STM32F1xx_HAL_Driver\stm32f1xx_hal_gpio.o
                0x08001f78                HAL_GPIO_EXTI_IRQHandler
 .text.HAL_PWR_EnterSLEEPMode
                0x08001f90       0x20 Drivers\STM32F1xx_HAL_Driver\stm32f1xx_hal_pwr.o
                0x08001f90                HAL_PWR_EnterSLEEPMode
 .text.HAL_RCC_OscConfig
                0x08001fb0      0x318 Drivers\STM32F1xx_HAL_Driver\stm32f1xx_hal_rcc.o
                0x08001fb0                HAL_RCC_OscConfig
 .text.HAL_RCC_GetSysClockFreq
                0x080022c8       0x7c Drivers\STM32F1xx_HAL_Driver\stm32f1xx_hal_rcc.o
                0x080022c8                HAL_RCC_GetSysClockFreq
 .text.HAL_RCC_ClockConfig
                0x08002344      0x148 Drivers\STM32F1xx_HAL_Driver\stm32f1xx_hal_rcc.o
                0x08002344                HAL_RCC_ClockConfig
 .text.HAL_RCC_GetHCLKFreq
                0x0800248c        0xc Drivers\STM32F1xx_HAL_Driver\stm32f1xx_hal_rcc.o
                0x0800248c                HAL_RCC_GetHCLKFreq
 .text.HAL_RCC_GetPCLK1Freq
                0x08002498       0x20 Drivers\STM32F1xx_HAL_Driver\stm32f1xx_hal_rcc.o
                0x08002498                HAL_RCC_GetPCLK1Freq
 .text.HAL_RCC_GetPCLK2Freq
                0x080024b8       0x20 Drivers\STM32F1xx_HAL_Driver\stm32f1xx_hal_rcc.o
                0x080024b8                HAL_RCC_GetPCLK2Freq
 .text.HAL_RCCEx_PeriphCLKConfig
                0x080024d8       0xf0 Drivers\STM32F1xx_HAL_Driver\stm32f1xx_hal_rcc_ex.o
                0x080024d8                HAL_RCCEx_PeriphCLKConfig
 .text.TIM_OC1_SetConfig
                0x080025c8       0x50 Drivers\STM32F1xx_HAL_Driver\stm32f1xx_hal_tim.o
 .text.TIM_OC3_SetConfig
                0x08002618       0x54 Drivers\STM32F1xx_HAL_Driver\stm32f1xx_hal_tim.o
 .text.TIM_OC4_SetConfig
                0x0800266c       0x44 Drivers\STM32F1xx_HAL_Driver\stm32f1xx_hal_tim.o
 .text.HAL_TIM_Base_Start_IT
                0x080026b0       0x16 Drivers\STM32F1xx_HAL_Driver\stm32f1xx_hal_tim.o
                0x080026b0                HAL_TIM_Base_Start_IT
 .text.HAL_TIM_PWM_MspInit
                0x080026c6        0x2 Drivers\STM32F1xx_HAL_Driver\stm32f1xx_hal_tim.o
                0x080026c6                HAL_TIM_PWM_MspInit
 .text.HAL_TIM_Encoder_Start
                0x080026c8       0x44 Drivers\STM32F1xx_HAL_Driver\stm32f1xx_hal_tim.o
                0x080026c8                HAL_TIM_Encoder_Start
 .text.HAL_TIM_ConfigClockSource
                0x0800270c      0x172 Drivers\STM32F1xx_HAL_Driver\stm32f1xx_hal_tim.o
                0x0800270c                HAL_TIM_ConfigClockSource
 .text.HAL_TIM_OC_DelayElapsedCallback
                0x0800287e        0x2 Drivers\STM32F1xx_HAL_Driver\stm32f1xx_hal_tim.o
                0x0800287e                HAL_TIM_OC_DelayElapsedCallback
 .text.HAL_TIM_IC_CaptureCallback
                0x08002880        0x2 Drivers\STM32F1xx_HAL_Driver\stm32f1xx_hal_tim.o
                0x08002880                HAL_TIM_IC_CaptureCallback
 .text.HAL_TIM_PWM_PulseFinishedCallback
                0x08002882        0x2 Drivers\STM32F1xx_HAL_Driver\stm32f1xx_hal_tim.o
                0x08002882                HAL_TIM_PWM_PulseFinishedCallback
 .text.HAL_TIM_TriggerCallback
                0x08002884        0x2 Drivers\STM32F1xx_HAL_Driver\stm32f1xx_hal_tim.o
                0x08002884                HAL_TIM_TriggerCallback
 .text.HAL_TIM_IRQHandler
                0x08002886      0x144 Drivers\STM32F1xx_HAL_Driver\stm32f1xx_hal_tim.o
                0x08002886                HAL_TIM_IRQHandler
 *fill*         0x080029ca        0x2 
 .text.TIM_Base_SetConfig
                0x080029cc       0x70 Drivers\STM32F1xx_HAL_Driver\stm32f1xx_hal_tim.o
                0x080029cc                TIM_Base_SetConfig
 .text.HAL_TIM_Base_Init
                0x08002a3c       0x34 Drivers\STM32F1xx_HAL_Driver\stm32f1xx_hal_tim.o
                0x08002a3c                HAL_TIM_Base_Init
 .text.HAL_TIM_PWM_Init
                0x08002a70       0x34 Drivers\STM32F1xx_HAL_Driver\stm32f1xx_hal_tim.o
                0x08002a70                HAL_TIM_PWM_Init
 .text.HAL_TIM_Encoder_Init
                0x08002aa4       0x92 Drivers\STM32F1xx_HAL_Driver\stm32f1xx_hal_tim.o
                0x08002aa4                HAL_TIM_Encoder_Init
 *fill*         0x08002b36        0x2 
 .text.TIM_OC2_SetConfig
                0x08002b38       0x58 Drivers\STM32F1xx_HAL_Driver\stm32f1xx_hal_tim.o
                0x08002b38                TIM_OC2_SetConfig
 .text.HAL_TIM_PWM_ConfigChannel
                0x08002b90       0xc4 Drivers\STM32F1xx_HAL_Driver\stm32f1xx_hal_tim.o
                0x08002b90                HAL_TIM_PWM_ConfigChannel
 .text.TIM_CCxChannelCmd
                0x08002c54       0x18 Drivers\STM32F1xx_HAL_Driver\stm32f1xx_hal_tim.o
                0x08002c54                TIM_CCxChannelCmd
 .text.HAL_TIM_PWM_Start
                0x08002c6c       0x2c Drivers\STM32F1xx_HAL_Driver\stm32f1xx_hal_tim.o
                0x08002c6c                HAL_TIM_PWM_Start
 .text.HAL_TIM_PWM_Stop
                0x08002c98       0x5c Drivers\STM32F1xx_HAL_Driver\stm32f1xx_hal_tim.o
                0x08002c98                HAL_TIM_PWM_Stop
 .text.HAL_TIMEx_MasterConfigSynchronization
                0x08002cf4       0x44 Drivers\STM32F1xx_HAL_Driver\stm32f1xx_hal_tim_ex.o
                0x08002cf4                HAL_TIMEx_MasterConfigSynchronization
 .text.HAL_TIMEx_CommutationCallback
                0x08002d38        0x2 Drivers\STM32F1xx_HAL_Driver\stm32f1xx_hal_tim_ex.o
                0x08002d38                HAL_TIMEx_CommutationCallback
 .text.HAL_TIMEx_BreakCallback
                0x08002d3a        0x2 Drivers\STM32F1xx_HAL_Driver\stm32f1xx_hal_tim_ex.o
                0x08002d3a                HAL_TIMEx_BreakCallback
 .text.UART_EndRxTransfer
                0x08002d3c       0x1a Drivers\STM32F1xx_HAL_Driver\stm32f1xx_hal_uart.o
 *fill*         0x08002d56        0x2 
 .text.UART_SetConfig
                0x08002d58      0x13c Drivers\STM32F1xx_HAL_Driver\stm32f1xx_hal_uart.o
 .text.HAL_UART_Init
                0x08002e94       0x5c Drivers\STM32F1xx_HAL_Driver\stm32f1xx_hal_uart.o
                0x08002e94                HAL_UART_Init
 .text.HAL_UART_Receive_IT
                0x08002ef0       0x4e Drivers\STM32F1xx_HAL_Driver\stm32f1xx_hal_uart.o
                0x08002ef0                HAL_UART_Receive_IT
 .text.HAL_UART_TxCpltCallback
                0x08002f3e        0x2 Drivers\STM32F1xx_HAL_Driver\stm32f1xx_hal_uart.o
                0x08002f3e                HAL_UART_TxCpltCallback
 .text.UART_Receive_IT
                0x08002f40       0x7c Drivers\STM32F1xx_HAL_Driver\stm32f1xx_hal_uart.o
 .text.HAL_UART_ErrorCallback
                0x08002fbc        0x2 Drivers\STM32F1xx_HAL_Driver\stm32f1xx_hal_uart.o
                0x08002fbc                HAL_UART_ErrorCallback
 *fill*         0x08002fbe        0x2 
 .text.HAL_UART_IRQHandler
                0x08002fc0      0x140 Drivers\STM32F1xx_HAL_Driver\stm32f1xx_hal_uart.o
                0x08002fc0                HAL_UART_IRQHandler
 .text.UART_DMAAbortOnError
                0x08003100       0x10 Drivers\STM32F1xx_HAL_Driver\stm32f1xx_hal_uart.o
 .text.__libc_init_array
                0x08003110       0x48 c:/program files (x86)/atollic/truestudio for stm32 9.0.0/armtools/bin/../lib/gcc/arm-atollic-eabi/6.3.1/../../../../arm-atollic-eabi/lib/armv7-m\libc_nano.a(lib_a-init.o)
                0x08003110                __libc_init_array
 *(.glue_7)
 .glue_7        0x08003158        0x0 linker stubs
 *(.glue_7t)
 .glue_7t       0x08003158        0x0 linker stubs
 *(.eh_frame)
 .eh_frame      0x08003158        0x0 c:/program files (x86)/atollic/truestudio for stm32 9.0.0/armtools/bin/../lib/gcc/arm-atollic-eabi/6.3.1/armv7-m/crtbegin.o
 *(.init)
 .init          0x08003158        0x4 c:/program files (x86)/atollic/truestudio for stm32 9.0.0/armtools/bin/../lib/gcc/arm-atollic-eabi/6.3.1/armv7-m/crti.o
                0x08003158                _init
 .init          0x0800315c        0x8 c:/program files (x86)/atollic/truestudio for stm32 9.0.0/armtools/bin/../lib/gcc/arm-atollic-eabi/6.3.1/armv7-m/crtn.o
 *(.fini)
 .fini          0x08003164        0x4 c:/program files (x86)/atollic/truestudio for stm32 9.0.0/armtools/bin/../lib/gcc/arm-atollic-eabi/6.3.1/armv7-m/crti.o
                0x08003164                _fini
 .fini          0x08003168        0x8 c:/program files (x86)/atollic/truestudio for stm32 9.0.0/armtools/bin/../lib/gcc/arm-atollic-eabi/6.3.1/armv7-m/crtn.o
                0x08003170                . = ALIGN (0x4)
                0x08003170                _etext = .

.vfp11_veneer   0x08003170        0x0
 .vfp11_veneer  0x08003170        0x0 linker stubs

.v4_bx          0x08003170        0x0
 .v4_bx         0x08003170        0x0 linker stubs

.iplt           0x08003170        0x0
 .iplt          0x08003170        0x0 c:/program files (x86)/atollic/truestudio for stm32 9.0.0/armtools/bin/../lib/gcc/arm-atollic-eabi/6.3.1/armv7-m/crtbegin.o

.rodata         0x08003170       0x64
                0x08003170                . = ALIGN (0x4)
 *(.rodata)
 .rodata        0x08003170       0x10 Drivers\STM32F1xx_HAL_Driver\stm32f1xx_hal_rcc.o
 *(.rodata*)
 .rodata.MX_ADC1_Init.str1.1
                0x08003180       0x13 Application\User\adc.o
 .rodata.MX_TIM3_Init.str1.1
                0x08003193       0x13 Application\User\tim.o
 .rodata.MX_USART3_UART_Init.str1.1
                0x080031a6       0x15 Application\User\usart.o
 .rodata.AHBPrescTable
                0x080031bb       0x10 Drivers\CMSIS\system_stm32f1xx.o
                0x080031bb                AHBPrescTable
 .rodata.APBPrescTable
                0x080031cb        0x8 Drivers\CMSIS\system_stm32f1xx.o
                0x080031cb                APBPrescTable
                0x080031d4                . = ALIGN (0x4)
 *fill*         0x080031d3        0x1 

.rel.dyn        0x080031d4        0x0
 .rel.iplt      0x080031d4        0x0 c:/program files (x86)/atollic/truestudio for stm32 9.0.0/armtools/bin/../lib/gcc/arm-atollic-eabi/6.3.1/armv7-m/crtbegin.o

.ARM.extab
 *(.ARM.extab* .gnu.linkonce.armextab.*)

.ARM            0x080031d4        0x0
                0x080031d4                __exidx_start = .
 *(.ARM.exidx*)
                0x080031d4                __exidx_end = .

.preinit_array  0x080031d4        0x0
                0x080031d4                PROVIDE (__preinit_array_start, .)
 *(.preinit_array*)
                0x080031d4                PROVIDE (__preinit_array_end, .)

.init_array     0x080031d4        0x4
                0x080031d4                PROVIDE (__init_array_start, .)
 *(SORT(.init_array.*))
 *(.init_array*)
 .init_array    0x080031d4        0x4 c:/program files (x86)/atollic/truestudio for stm32 9.0.0/armtools/bin/../lib/gcc/arm-atollic-eabi/6.3.1/armv7-m/crtbegin.o
                0x080031d8                PROVIDE (__init_array_end, .)

.fini_array     0x080031d8        0x4
                [!provide]                PROVIDE (__fini_array_start, .)
 *(SORT(.fini_array.*))
 *(.fini_array*)
 .fini_array    0x080031d8        0x4 c:/program files (x86)/atollic/truestudio for stm32 9.0.0/armtools/bin/../lib/gcc/arm-atollic-eabi/6.3.1/armv7-m/crtbegin.o
                [!provide]                PROVIDE (__fini_array_end, .)
                0x080031dc                _sidata = LOADADDR (.data)

.data           0x20000000        0x4 load address 0x080031dc
                0x20000000                . = ALIGN (0x4)
                0x20000000                _sdata = .
 *(.data)
 *(.data*)
 .data.SystemCoreClock
                0x20000000        0x4 Drivers\CMSIS\system_stm32f1xx.o
                0x20000000                SystemCoreClock
                0x20000004                . = ALIGN (0x4)
                0x20000004                _edata = .

.igot.plt       0x20000004        0x0 load address 0x080031e0
 .igot.plt      0x20000004        0x0 c:/program files (x86)/atollic/truestudio for stm32 9.0.0/armtools/bin/../lib/gcc/arm-atollic-eabi/6.3.1/armv7-m/crtbegin.o
                0x20000004                . = ALIGN (0x4)

.bss            0x20000004      0x224 load address 0x080031e0
                0x20000004                _sbss = .
                0x20000004                __bss_start__ = _sbss
 *(.bss)
 .bss           0x20000004       0x1c c:/program files (x86)/atollic/truestudio for stm32 9.0.0/armtools/bin/../lib/gcc/arm-atollic-eabi/6.3.1/armv7-m/crtbegin.o
 *(.bss*)
 .bss.Cmde_VitD
                0x20000020        0x4 Application\User\main.o
                0x20000020                Cmde_VitD
 .bss.Cmde_VitG
                0x20000024        0x4 Application\User\main.o
                0x20000024                Cmde_VitG
 .bss.Delta1.7651
                0x20000028        0x2 Application\User\main.o
 .bss.Delta2.7652
                0x2000002a        0x2 Application\User\main.o
 .bss.Delta3.7653
                0x2000002c        0x2 Application\User\main.o
 .bss.Delta4.7654
                0x2000002e        0x2 Application\User\main.o
 .bss.DistD_old
                0x20000030        0x2 Application\User\main.o
                0x20000030                DistD_old
 .bss.DistG_old
                0x20000032        0x2 Application\User\main.o
                0x20000032                DistG_old
 .bss.Dist_parcours
                0x20000034        0x4 Application\User\main.o
                0x20000034                Dist_parcours
 .bss.ErreurD_old.7676
                0x20000038        0x2 Application\User\main.o
 .bss.ErreurG_old.7677
                0x2000003a        0x2 Application\User\main.o
 .bss.Etat.7573
                0x2000003c        0x1 Application\User\main.o
 .bss.Etat.7650
                0x2000003d        0x1 Application\User\main.o
 .bss.Etat.7667
                0x2000003e        0x1 Application\User\main.o
 .bss.New_CMDE  0x2000003f        0x1 Application\User\main.o
                0x2000003f                New_CMDE
 .bss.S_erreursD.7678
                0x20000040        0x2 Application\User\main.o
 .bss.S_erreursG.7679
                0x20000042        0x2 Application\User\main.o
 .bss.TOGGLE.7711
                0x20000044        0x1 Application\User\main.o
 *fill*         0x20000045        0x3 
 .bss.Tech      0x20000048        0x4 Application\User\main.o
                0x20000048                Tech
 .bss.Time      0x2000004c        0x4 Application\User\main.o
                0x2000004c                Time
 .bss._CVitD    0x20000050        0x2 Application\User\main.o
                0x20000050                _CVitD
 .bss._CVitG    0x20000052        0x2 Application\User\main.o
                0x20000052                _CVitG
 .bss.cpt.7701  0x20000054        0x1 Application\User\main.o
 *(COMMON)
 *fill*         0x20000055        0x3 
 COMMON         0x20000058       0x74 Application\User\adc.o
                0x20000058                hadc1
                0x20000088                hdma_adc1
 COMMON         0x200000cc       0x56 Application\User\main.o
                0x200000cc                CMDE
                0x200000ce                DirD
                0x200000d0                Dist_Obst
                0x200000d4                _DirD
                0x200000d6                CVitG
                0x200000d8                VitG
                0x200000da                Dist_ACS_3
                0x200000dc                DistG
                0x200000de                Dist_ACS_2
                0x200000e0                Mode
                0x200000e4                Dist_Obst_
                0x200000e8                DistD
                0x200000ec                Dist_Obst_cm
                0x200000f0                _DirG
                0x200000f2                Buff_Dist
                0x20000102                adc_buffer
                0x20000112                VitD
                0x20000114                DirG
                0x20000116                BLUE_RX
                0x20000118                CVitD
                0x2000011a                Dist_ACS_4
                0x2000011c                Dist
                0x20000120                Dist_ACS_1
 *fill*         0x20000122        0x2 
 COMMON         0x20000124       0xc0 Application\User\tim.o
                0x20000124                htim4
                0x20000164                htim3
                0x200001a4                htim2
 COMMON         0x200001e4       0x40 Application\User\usart.o
                0x200001e4                huart3
 COMMON         0x20000224        0x4 Drivers\STM32F1xx_HAL_Driver\stm32f1xx_hal.o
                0x20000224                uwTick
                0x20000228                . = ALIGN (0x4)
                0x20000228                _ebss = .
                0x20000228                __bss_end__ = _ebss

._user_heap_stack
                0x20000228      0x600 load address 0x080031e0
                0x20000228                . = ALIGN (0x4)
                [!provide]                PROVIDE (end, .)
                [!provide]                PROVIDE (_end, .)
                0x20000428                . = (. + _Min_Heap_Size)
 *fill*         0x20000228      0x200 
                0x20000828                . = (. + _Min_Stack_Size)
 *fill*         0x20000428      0x400 
                0x20000828                . = ALIGN (0x4)

/DISCARD/
 libc.a(*)
 libm.a(*)
 libgcc.a(*)

.ARM.attributes
                0x00000000       0x29
 *(.ARM.attributes)
 .ARM.attributes
                0x00000000       0x1d c:/program files (x86)/atollic/truestudio for stm32 9.0.0/armtools/bin/../lib/gcc/arm-atollic-eabi/6.3.1/armv7-m/crti.o
 .ARM.attributes
                0x0000001d       0x2d c:/program files (x86)/atollic/truestudio for stm32 9.0.0/armtools/bin/../lib/gcc/arm-atollic-eabi/6.3.1/armv7-m/crtbegin.o
 .ARM.attributes
                0x0000004a       0x21 Application\TrueSTUDIO\startup_stm32f103xb.o
 .ARM.attributes
                0x0000006b       0x33 Application\User\adc.o
 .ARM.attributes
                0x0000009e       0x33 Application\User\dma.o
 .ARM.attributes
                0x000000d1       0x33 Application\User\gpio.o
 .ARM.attributes
                0x00000104       0x33 Application\User\main.o
 .ARM.attributes
                0x00000137       0x33 Application\User\stm32f1xx_hal_msp.o
 .ARM.attributes
                0x0000016a       0x33 Application\User\stm32f1xx_it.o
 .ARM.attributes
                0x0000019d       0x33 Application\User\tim.o
 .ARM.attributes
                0x000001d0       0x33 Application\User\usart.o
 .ARM.attributes
                0x00000203       0x33 Drivers\CMSIS\system_stm32f1xx.o
 .ARM.attributes
                0x00000236       0x33 Drivers\STM32F1xx_HAL_Driver\stm32f1xx_hal.o
 .ARM.attributes
                0x00000269       0x33 Drivers\STM32F1xx_HAL_Driver\stm32f1xx_hal_adc.o
 .ARM.attributes
                0x0000029c       0x33 Drivers\STM32F1xx_HAL_Driver\stm32f1xx_hal_adc_ex.o
 .ARM.attributes
                0x000002cf       0x33 Drivers\STM32F1xx_HAL_Driver\stm32f1xx_hal_cortex.o
 .ARM.attributes
                0x00000302       0x33 Drivers\STM32F1xx_HAL_Driver\stm32f1xx_hal_dma.o
 .ARM.attributes
                0x00000335       0x33 Drivers\STM32F1xx_HAL_Driver\stm32f1xx_hal_gpio.o
 .ARM.attributes
                0x00000368       0x33 Drivers\STM32F1xx_HAL_Driver\stm32f1xx_hal_pwr.o
 .ARM.attributes
                0x0000039b       0x33 Drivers\STM32F1xx_HAL_Driver\stm32f1xx_hal_rcc.o
 .ARM.attributes
                0x000003ce       0x33 Drivers\STM32F1xx_HAL_Driver\stm32f1xx_hal_rcc_ex.o
 .ARM.attributes
                0x00000401       0x33 Drivers\STM32F1xx_HAL_Driver\stm32f1xx_hal_tim.o
 .ARM.attributes
                0x00000434       0x33 Drivers\STM32F1xx_HAL_Driver\stm32f1xx_hal_tim_ex.o
 .ARM.attributes
                0x00000467       0x33 Drivers\STM32F1xx_HAL_Driver\stm32f1xx_hal_uart.o
 .ARM.attributes
                0x0000049a       0x2d c:/program files (x86)/atollic/truestudio for stm32 9.0.0/armtools/bin/../lib/gcc/arm-atollic-eabi/6.3.1/../../../../arm-atollic-eabi/lib/armv7-m\libc_nano.a(lib_a-init.o)
 .ARM.attributes
                0x000004c7       0x1d c:/program files (x86)/atollic/truestudio for stm32 9.0.0/armtools/bin/../lib/gcc/arm-atollic-eabi/6.3.1/armv7-m/crtn.o
OUTPUT(Robot3_F103RB_origin.elf elf32-littlearm)

.debug_line     0x00000000     0x7784
 .debug_line    0x00000000       0x78 Application\TrueSTUDIO\startup_stm32f103xb.o
 .debug_line    0x00000078      0x3c4 Application\User\adc.o
 .debug_line    0x0000043c      0x295 Application\User\dma.o
 .debug_line    0x000006d1      0x2e9 Application\User\gpio.o
 .debug_line    0x000009ba      0x701 Application\User\main.o
 .debug_line    0x000010bb      0x2a6 Application\User\stm32f1xx_hal_msp.o
 .debug_line    0x00001361      0x389 Application\User\stm32f1xx_it.o
 .debug_line    0x000016ea      0x44b Application\User\tim.o
 .debug_line    0x00001b35      0x357 Application\User\usart.o
 .debug_line    0x00001e8c      0x29a Drivers\CMSIS\system_stm32f1xx.o
 .debug_line    0x00002126      0x424 Drivers\STM32F1xx_HAL_Driver\stm32f1xx_hal.o
 .debug_line    0x0000254a      0x884 Drivers\STM32F1xx_HAL_Driver\stm32f1xx_hal_adc.o
 .debug_line    0x00002dce      0x743 Drivers\STM32F1xx_HAL_Driver\stm32f1xx_hal_adc_ex.o
 .debug_line    0x00003511      0x444 Drivers\STM32F1xx_HAL_Driver\stm32f1xx_hal_cortex.o
 .debug_line    0x00003955      0x6b1 Drivers\STM32F1xx_HAL_Driver\stm32f1xx_hal_dma.o
 .debug_line    0x00004006      0x463 Drivers\STM32F1xx_HAL_Driver\stm32f1xx_hal_gpio.o
 .debug_line    0x00004469      0x457 Drivers\STM32F1xx_HAL_Driver\stm32f1xx_hal_pwr.o
 .debug_line    0x000048c0      0x617 Drivers\STM32F1xx_HAL_Driver\stm32f1xx_hal_rcc.o
 .debug_line    0x00004ed7      0x3e4 Drivers\STM32F1xx_HAL_Driver\stm32f1xx_hal_rcc_ex.o
 .debug_line    0x000052bb     0x1164 Drivers\STM32F1xx_HAL_Driver\stm32f1xx_hal_tim.o
 .debug_line    0x0000641f      0x708 Drivers\STM32F1xx_HAL_Driver\stm32f1xx_hal_tim_ex.o
 .debug_line    0x00006b27      0xc5d Drivers\STM32F1xx_HAL_Driver\stm32f1xx_hal_uart.o

.debug_info     0x00000000    0x1af8d
 .debug_info    0x00000000       0x80 Application\TrueSTUDIO\startup_stm32f103xb.o
 .debug_info    0x00000080     0x1446 Application\User\adc.o
 .debug_info    0x000014c6      0xb82 Application\User\dma.o
 .debug_info    0x00002048      0xc92 Application\User\gpio.o
 .debug_info    0x00002cda     0x220a Application\User\main.o
 .debug_info    0x00004ee4      0xca3 Application\User\stm32f1xx_hal_msp.o
 .debug_info    0x00005b87     0x12c9 Application\User\stm32f1xx_it.o
 .debug_info    0x00006e50     0x1819 Application\User\tim.o
 .debug_info    0x00008669     0x11d5 Application\User\usart.o
 .debug_info    0x0000983e      0xc07 Drivers\CMSIS\system_stm32f1xx.o
 .debug_info    0x0000a445      0xece Drivers\STM32F1xx_HAL_Driver\stm32f1xx_hal.o
 .debug_info    0x0000b313     0x165b Drivers\STM32F1xx_HAL_Driver\stm32f1xx_hal_adc.o
 .debug_info    0x0000c96e     0x1345 Drivers\STM32F1xx_HAL_Driver\stm32f1xx_hal_adc_ex.o
 .debug_info    0x0000dcb3     0x1463 Drivers\STM32F1xx_HAL_Driver\stm32f1xx_hal_cortex.o
 .debug_info    0x0000f116     0x1001 Drivers\STM32F1xx_HAL_Driver\stm32f1xx_hal_dma.o
 .debug_info    0x00010117      0xe7c Drivers\STM32F1xx_HAL_Driver\stm32f1xx_hal_gpio.o
 .debug_info    0x00010f93      0xf54 Drivers\STM32F1xx_HAL_Driver\stm32f1xx_hal_pwr.o
 .debug_info    0x00011ee7     0x118f Drivers\STM32F1xx_HAL_Driver\stm32f1xx_hal_rcc.o
 .debug_info    0x00013076      0xc57 Drivers\STM32F1xx_HAL_Driver\stm32f1xx_hal_rcc_ex.o
 .debug_info    0x00013ccd     0x3b74 Drivers\STM32F1xx_HAL_Driver\stm32f1xx_hal_tim.o
 .debug_info    0x00017841     0x194c Drivers\STM32F1xx_HAL_Driver\stm32f1xx_hal_tim_ex.o
 .debug_info    0x0001918d     0x1e00 Drivers\STM32F1xx_HAL_Driver\stm32f1xx_hal_uart.o

.debug_abbrev   0x00000000     0x383c
 .debug_abbrev  0x00000000       0x12 Application\TrueSTUDIO\startup_stm32f103xb.o
 .debug_abbrev  0x00000012      0x24c Application\User\adc.o
 .debug_abbrev  0x0000025e      0x1f5 Application\User\dma.o
 .debug_abbrev  0x00000453      0x1ec Application\User\gpio.o
 .debug_abbrev  0x0000063f      0x3bf Application\User\main.o
 .debug_abbrev  0x000009fe      0x1f5 Application\User\stm32f1xx_hal_msp.o
 .debug_abbrev  0x00000bf3      0x1f2 Application\User\stm32f1xx_it.o
 .debug_abbrev  0x00000de5      0x2c9 Application\User\tim.o
 .debug_abbrev  0x000010ae      0x230 Application\User\usart.o
 .debug_abbrev  0x000012de      0x1eb Drivers\CMSIS\system_stm32f1xx.o
 .debug_abbrev  0x000014c9      0x2c2 Drivers\STM32F1xx_HAL_Driver\stm32f1xx_hal.o
 .debug_abbrev  0x0000178b      0x2fb Drivers\STM32F1xx_HAL_Driver\stm32f1xx_hal_adc.o
 .debug_abbrev  0x00001a86      0x296 Drivers\STM32F1xx_HAL_Driver\stm32f1xx_hal_adc_ex.o
 .debug_abbrev  0x00001d1c      0x399 Drivers\STM32F1xx_HAL_Driver\stm32f1xx_hal_cortex.o
 .debug_abbrev  0x000020b5      0x29e Drivers\STM32F1xx_HAL_Driver\stm32f1xx_hal_dma.o
 .debug_abbrev  0x00002353      0x268 Drivers\STM32F1xx_HAL_Driver\stm32f1xx_hal_gpio.o
 .debug_abbrev  0x000025bb      0x28a Drivers\STM32F1xx_HAL_Driver\stm32f1xx_hal_pwr.o
 .debug_abbrev  0x00002845      0x354 Drivers\STM32F1xx_HAL_Driver\stm32f1xx_hal_rcc.o
 .debug_abbrev  0x00002b99      0x277 Drivers\STM32F1xx_HAL_Driver\stm32f1xx_hal_rcc_ex.o
 .debug_abbrev  0x00002e10      0x3bb Drivers\STM32F1xx_HAL_Driver\stm32f1xx_hal_tim.o
 .debug_abbrev  0x000031cb      0x30d Drivers\STM32F1xx_HAL_Driver\stm32f1xx_hal_tim_ex.o
 .debug_abbrev  0x000034d8      0x364 Drivers\STM32F1xx_HAL_Driver\stm32f1xx_hal_uart.o

.debug_aranges  0x00000000      0xb90
 .debug_aranges
                0x00000000       0x28 Application\TrueSTUDIO\startup_stm32f103xb.o
 .debug_aranges
                0x00000028       0x30 Application\User\adc.o
 .debug_aranges
                0x00000058       0x20 Application\User\dma.o
 .debug_aranges
                0x00000078       0x20 Application\User\gpio.o
 .debug_aranges
                0x00000098       0x80 Application\User\main.o
 .debug_aranges
                0x00000118       0x20 Application\User\stm32f1xx_hal_msp.o
 .debug_aranges
                0x00000138       0x48 Application\User\stm32f1xx_it.o
 .debug_aranges
                0x00000180       0x58 Application\User\tim.o
 .debug_aranges
                0x000001d8       0x30 Application\User\usart.o
 .debug_aranges
                0x00000208       0x28 Drivers\CMSIS\system_stm32f1xx.o
 .debug_aranges
                0x00000230       0xb0 Drivers\STM32F1xx_HAL_Driver\stm32f1xx_hal.o
 .debug_aranges
                0x000002e0       0xc8 Drivers\STM32F1xx_HAL_Driver\stm32f1xx_hal_adc.o
 .debug_aranges
                0x000003a8       0x80 Drivers\STM32F1xx_HAL_Driver\stm32f1xx_hal_adc_ex.o
 .debug_aranges
                0x00000428       0x90 Drivers\STM32F1xx_HAL_Driver\stm32f1xx_hal_cortex.o
 .debug_aranges
                0x000004b8       0x78 Drivers\STM32F1xx_HAL_Driver\stm32f1xx_hal_dma.o
 .debug_aranges
                0x00000530       0x58 Drivers\STM32F1xx_HAL_Driver\stm32f1xx_hal_gpio.o
 .debug_aranges
                0x00000588       0xa8 Drivers\STM32F1xx_HAL_Driver\stm32f1xx_hal_pwr.o
 .debug_aranges
                0x00000630       0x88 Drivers\STM32F1xx_HAL_Driver\stm32f1xx_hal_rcc.o
 .debug_aranges
                0x000006b8       0x30 Drivers\STM32F1xx_HAL_Driver\stm32f1xx_hal_rcc_ex.o
 .debug_aranges
                0x000006e8      0x250 Drivers\STM32F1xx_HAL_Driver\stm32f1xx_hal_tim.o
 .debug_aranges
                0x00000938       0xe8 Drivers\STM32F1xx_HAL_Driver\stm32f1xx_hal_tim_ex.o
 .debug_aranges
                0x00000a20      0x170 Drivers\STM32F1xx_HAL_Driver\stm32f1xx_hal_uart.o

.debug_ranges   0x00000000      0xe30
 .debug_ranges  0x00000000       0x20 Application\TrueSTUDIO\startup_stm32f103xb.o
 .debug_ranges  0x00000020       0x40 Application\User\adc.o
 .debug_ranges  0x00000060       0x40 Application\User\dma.o
 .debug_ranges  0x000000a0       0x98 Application\User\gpio.o
 .debug_ranges  0x00000138       0x70 Application\User\main.o
 .debug_ranges  0x000001a8       0x30 Application\User\stm32f1xx_hal_msp.o
 .debug_ranges  0x000001d8       0x38 Application\User\stm32f1xx_it.o
 .debug_ranges  0x00000210       0xb0 Application\User\tim.o
 .debug_ranges  0x000002c0       0x40 Application\User\usart.o
 .debug_ranges  0x00000300       0x18 Drivers\CMSIS\system_stm32f1xx.o
 .debug_ranges  0x00000318       0xa0 Drivers\STM32F1xx_HAL_Driver\stm32f1xx_hal.o
 .debug_ranges  0x000003b8       0xb8 Drivers\STM32F1xx_HAL_Driver\stm32f1xx_hal_adc.o
 .debug_ranges  0x00000470       0x70 Drivers\STM32F1xx_HAL_Driver\stm32f1xx_hal_adc_ex.o
 .debug_ranges  0x000004e0      0x128 Drivers\STM32F1xx_HAL_Driver\stm32f1xx_hal_cortex.o
 .debug_ranges  0x00000608       0xa8 Drivers\STM32F1xx_HAL_Driver\stm32f1xx_hal_dma.o
 .debug_ranges  0x000006b0       0x60 Drivers\STM32F1xx_HAL_Driver\stm32f1xx_hal_gpio.o
 .debug_ranges  0x00000710       0x98 Drivers\STM32F1xx_HAL_Driver\stm32f1xx_hal_pwr.o
 .debug_ranges  0x000007a8       0xa0 Drivers\STM32F1xx_HAL_Driver\stm32f1xx_hal_rcc.o
 .debug_ranges  0x00000848       0x40 Drivers\STM32F1xx_HAL_Driver\stm32f1xx_hal_rcc_ex.o
 .debug_ranges  0x00000888      0x340 Drivers\STM32F1xx_HAL_Driver\stm32f1xx_hal_tim.o
 .debug_ranges  0x00000bc8       0xd8 Drivers\STM32F1xx_HAL_Driver\stm32f1xx_hal_tim_ex.o
 .debug_ranges  0x00000ca0      0x190 Drivers\STM32F1xx_HAL_Driver\stm32f1xx_hal_uart.o

.debug_loc      0x00000000     0x73d4
 .debug_loc     0x00000000       0x63 Application\User\adc.o
 .debug_loc     0x00000063       0xbb Application\User\main.o
 .debug_loc     0x0000011e       0xf5 Application\User\tim.o
 .debug_loc     0x00000213       0x4d Application\User\usart.o
 .debug_loc     0x00000260       0xcd Drivers\CMSIS\system_stm32f1xx.o
 .debug_loc     0x0000032d       0x69 Drivers\STM32F1xx_HAL_Driver\stm32f1xx_hal.o
 .debug_loc     0x00000396      0x873 Drivers\STM32F1xx_HAL_Driver\stm32f1xx_hal_adc.o
 .debug_loc     0x00000c09      0x769 Drivers\STM32F1xx_HAL_Driver\stm32f1xx_hal_adc_ex.o
 .debug_loc     0x00001372      0x46b Drivers\STM32F1xx_HAL_Driver\stm32f1xx_hal_cortex.o
 .debug_loc     0x000017dd      0x5d1 Drivers\STM32F1xx_HAL_Driver\stm32f1xx_hal_dma.o
 .debug_loc     0x00001dae      0x36a Drivers\STM32F1xx_HAL_Driver\stm32f1xx_hal_gpio.o
 .debug_loc     0x00002118       0xaa Drivers\STM32F1xx_HAL_Driver\stm32f1xx_hal_pwr.o
 .debug_loc     0x000021c2      0x404 Drivers\STM32F1xx_HAL_Driver\stm32f1xx_hal_rcc.o
 .debug_loc     0x000025c6      0x29d Drivers\STM32F1xx_HAL_Driver\stm32f1xx_hal_rcc_ex.o
 .debug_loc     0x00002863     0x300c Drivers\STM32F1xx_HAL_Driver\stm32f1xx_hal_tim.o
 .debug_loc     0x0000586f      0x854 Drivers\STM32F1xx_HAL_Driver\stm32f1xx_hal_tim_ex.o
 .debug_loc     0x000060c3     0x1311 Drivers\STM32F1xx_HAL_Driver\stm32f1xx_hal_uart.o

.debug_str      0x00000000     0x40db
 .debug_str     0x00000000      0xd35 Application\User\adc.o
                                0xe43 (size before relaxing)
 .debug_str     0x00000d35       0x1f Application\User\dma.o
                                0x971 (size before relaxing)
 .debug_str     0x00000d54       0x4f Application\User\gpio.o
                                0x70e (size before relaxing)
 .debug_str     0x00000da3      0x964 Application\User\main.o
                               0x1649 (size before relaxing)
 .debug_str     0x00001707       0x78 Application\User\stm32f1xx_hal_msp.o
                                0x9b7 (size before relaxing)
 .debug_str     0x0000177f      0x117 Application\User\stm32f1xx_it.o
                                0xd9e (size before relaxing)
 .debug_str     0x00001896      0x2c8 Application\User\tim.o
                               0x1105 (size before relaxing)
 .debug_str     0x00001b5e       0x52 Application\User\usart.o
                                0xdf5 (size before relaxing)
 .debug_str     0x00001bb0       0xa7 Drivers\CMSIS\system_stm32f1xx.o
                                0x705 (size before relaxing)
 .debug_str     0x00001c57      0x201 Drivers\STM32F1xx_HAL_Driver\stm32f1xx_hal.o
                                0xbcb (size before relaxing)
 .debug_str     0x00001e58      0x25a Drivers\STM32F1xx_HAL_Driver\stm32f1xx_hal_adc.o
                                0xd23 (size before relaxing)
 .debug_str     0x000020b2      0x297 Drivers\STM32F1xx_HAL_Driver\stm32f1xx_hal_adc_ex.o
                                0xcd6 (size before relaxing)
 .debug_str     0x00002349      0x22f Drivers\STM32F1xx_HAL_Driver\stm32f1xx_hal_cortex.o
                                0xd2f (size before relaxing)
 .debug_str     0x00002578      0x1f7 Drivers\STM32F1xx_HAL_Driver\stm32f1xx_hal_dma.o
                                0xa93 (size before relaxing)
 .debug_str     0x0000276f       0xdb Drivers\STM32F1xx_HAL_Driver\stm32f1xx_hal_gpio.o
                                0x89c (size before relaxing)
 .debug_str     0x0000284a      0x22a Drivers\STM32F1xx_HAL_Driver\stm32f1xx_hal_pwr.o
                                0x931 (size before relaxing)
 .debug_str     0x00002a74      0x1c7 Drivers\STM32F1xx_HAL_Driver\stm32f1xx_hal_rcc.o
                                0xa7a (size before relaxing)
 .debug_str     0x00002c3b       0x8a Drivers\STM32F1xx_HAL_Driver\stm32f1xx_hal_rcc_ex.o
                                0x857 (size before relaxing)
 .debug_str     0x00002cc5      0xac6 Drivers\STM32F1xx_HAL_Driver\stm32f1xx_hal_tim.o
                               0x17cb (size before relaxing)
 .debug_str     0x0000378b      0x487 Drivers\STM32F1xx_HAL_Driver\stm32f1xx_hal_tim_ex.o
                               0x106d (size before relaxing)
 .debug_str     0x00003c12      0x4c9 Drivers\STM32F1xx_HAL_Driver\stm32f1xx_hal_uart.o
                                0xfe4 (size before relaxing)

.comment        0x00000000       0x7c
 .comment       0x00000000       0x7c Application\User\adc.o
                                 0x7d (size before relaxing)
 .comment       0x0000007c       0x7d Application\User\dma.o
 .comment       0x0000007c       0x7d Application\User\gpio.o
 .comment       0x0000007c       0x7d Application\User\main.o
 .comment       0x0000007c       0x7d Application\User\stm32f1xx_hal_msp.o
 .comment       0x0000007c       0x7d Application\User\stm32f1xx_it.o
 .comment       0x0000007c       0x7d Application\User\tim.o
 .comment       0x0000007c       0x7d Application\User\usart.o
 .comment       0x0000007c       0x7d Drivers\CMSIS\system_stm32f1xx.o
 .comment       0x0000007c       0x7d Drivers\STM32F1xx_HAL_Driver\stm32f1xx_hal.o
 .comment       0x0000007c       0x7d Drivers\STM32F1xx_HAL_Driver\stm32f1xx_hal_adc.o
 .comment       0x0000007c       0x7d Drivers\STM32F1xx_HAL_Driver\stm32f1xx_hal_adc_ex.o
 .comment       0x0000007c       0x7d Drivers\STM32F1xx_HAL_Driver\stm32f1xx_hal_cortex.o
 .comment       0x0000007c       0x7d Drivers\STM32F1xx_HAL_Driver\stm32f1xx_hal_dma.o
 .comment       0x0000007c       0x7d Drivers\STM32F1xx_HAL_Driver\stm32f1xx_hal_gpio.o
 .comment       0x0000007c       0x7d Drivers\STM32F1xx_HAL_Driver\stm32f1xx_hal_pwr.o
 .comment       0x0000007c       0x7d Drivers\STM32F1xx_HAL_Driver\stm32f1xx_hal_rcc.o
 .comment       0x0000007c       0x7d Drivers\STM32F1xx_HAL_Driver\stm32f1xx_hal_rcc_ex.o
 .comment       0x0000007c       0x7d Drivers\STM32F1xx_HAL_Driver\stm32f1xx_hal_tim.o
 .comment       0x0000007c       0x7d Drivers\STM32F1xx_HAL_Driver\stm32f1xx_hal_tim_ex.o
 .comment       0x0000007c       0x7d Drivers\STM32F1xx_HAL_Driver\stm32f1xx_hal_uart.o

.debug_frame    0x00000000     0x201c
 .debug_frame   0x00000000       0x6c Application\User\adc.o
 .debug_frame   0x0000006c       0x28 Application\User\dma.o
 .debug_frame   0x00000094       0x38 Application\User\gpio.o
 .debug_frame   0x000000cc      0x150 Application\User\main.o
 .debug_frame   0x0000021c       0x2c Application\User\stm32f1xx_hal_msp.o
 .debug_frame   0x00000248       0x7c Application\User\stm32f1xx_it.o
 .debug_frame   0x000002c4       0xdc Application\User\tim.o
 .debug_frame   0x000003a0       0x68 Application\User\usart.o
 .debug_frame   0x00000408       0x30 Drivers\CMSIS\system_stm32f1xx.o
 .debug_frame   0x00000438      0x174 Drivers\STM32F1xx_HAL_Driver\stm32f1xx_hal.o
 .debug_frame   0x000005ac      0x298 Drivers\STM32F1xx_HAL_Driver\stm32f1xx_hal_adc.o
 .debug_frame   0x00000844      0x170 Drivers\STM32F1xx_HAL_Driver\stm32f1xx_hal_adc_ex.o
 .debug_frame   0x000009b4      0x120 Drivers\STM32F1xx_HAL_Driver\stm32f1xx_hal_cortex.o
 .debug_frame   0x00000ad4      0x144 Drivers\STM32F1xx_HAL_Driver\stm32f1xx_hal_dma.o
 .debug_frame   0x00000c18       0xd4 Drivers\STM32F1xx_HAL_Driver\stm32f1xx_hal_gpio.o
 .debug_frame   0x00000cec      0x140 Drivers\STM32F1xx_HAL_Driver\stm32f1xx_hal_pwr.o
 .debug_frame   0x00000e2c      0x144 Drivers\STM32F1xx_HAL_Driver\stm32f1xx_hal_rcc.o
 .debug_frame   0x00000f70       0x6c Drivers\STM32F1xx_HAL_Driver\stm32f1xx_hal_rcc_ex.o
 .debug_frame   0x00000fdc      0x854 Drivers\STM32F1xx_HAL_Driver\stm32f1xx_hal_tim.o
 .debug_frame   0x00001830      0x320 Drivers\STM32F1xx_HAL_Driver\stm32f1xx_hal_tim_ex.o
 .debug_frame   0x00001b50      0x4a0 Drivers\STM32F1xx_HAL_Driver\stm32f1xx_hal_uart.o
 .debug_frame   0x00001ff0       0x2c c:/program files (x86)/atollic/truestudio for stm32 9.0.0/armtools/bin/../lib/gcc/arm-atollic-eabi/6.3.1/../../../../arm-atollic-eabi/lib/armv7-m\libc_nano.a(lib_a-init.o)
